rec_01M3RP1K3HKN6KDM1YZT55Q8Q2	2026-09-30T08:14:07.985Z	case_01M3RP1JS6DV7VKZBXP77G3P8P	desktop-console	GREY	G_NOCLIP	v1	fusion-v1				5458735f2bf2a0e93899661ce9b1182898d60ee1ef391d11bddc2eb4cfae4d7e
rec_01M3RP23PKQK0SNZRRSQQR4GZ7	2026-09-30T08:14:24.979Z	case_01M3RP23BDTRAZBG5083EQX4G2	desktop-console	RED	R_PROC_02~M_OK	v1	fusion-v1				315464cd86fcae7226f1bcc9ee2cafb0e2a92900cfcef489cb3ae1fdbfbdde80
rec_01M3RP25PGF43TKZQ5NA1FVHZS	2026-09-30T08:14:27.024Z	case_01M3RP25DGDZ0SYBN0QXFD8G1A	desktop-console	RED	R_PROC_01~R_PROC_02~M_OK	v1	fusion-v1				b40034c5bfbf4ca4d1edc06047fe3dd3d9ee3a2e8954b36385ae4797ab1f7fa9
rec_01M3RP27NEXNMA3W7YWJ293HFT	2026-09-30T08:14:29.038Z	case_01M3RP27AWM50KRD17H3QCRP5B	desktop-console	RED	R_PROC_01~R_PROC_02~M_OK	v1	fusion-v1				9645cffa334202ff2c0b45ae0e32c96b4cc527ca6c82d3983bc3ac1b9ce5bffd
rec_01M3RP29K4VX6ZPF1N1TQ396TB	2026-09-30T08:14:31.012Z	case_01M3RP29ANTMNC7F5H4CZ56AJB	desktop-console	RED	R_MATH_01~R_MATH_01~R_PROC_01~R_PROC_02	v1	fusion-v1				5cd8a3534891fdab033cdf36ff8f0c7d8921b6015ac1d1252719fcde9d0880c5
rec_01M3RP2B7Q34FPWR3NE4A92D49	2026-09-30T08:14:32.695Z	case_01M3RP2AYRCWSNJBRXYKYDX212	desktop-console	RED	R_MATH_01~R_PROC_01~R_PROC_02	v1	fusion-v1				adf434bdd20ddd6e3936b4e53b42e64dcf8b5bb90999dc8e2f184cee437d368e
rec_01M3RP2T9Y3SF7P9ZKNY5BMFRB	2026-09-30T08:14:48.126Z	case_01M3RP2T54W2YT21EV8TANVK3W	desktop-console	GREY	G_NOCLIP	v1	fusion-v1				e6830026351a0648b7e028d9568d96c16a82a50c01d70401f356e48ff38d004c
rec_01M3RP2VFQQ1T55WZY00EVJ1JZ	2026-09-30T08:14:49.335Z	case_01M3RP2VBKXYDXG4C15Y5ZPPTE	desktop-console	GREY	G_NOCLIP	v1	fusion-v1				c10dd05fdfc7f56c6746a5b189198520c33a027e09776c2b0abca00fd0303de2
rec_01M3RP2WNY7D4S55JVPBTCMCNH	2026-09-30T08:14:50.558Z	case_01M3RP2WH4N82KDASEFKH5GK58	desktop-console	GREY	G_NOCLIP	v1	fusion-v1				0ffc50f5c2d91700d9e0da59b7544b2f2b19c1b14b06843959cdf9ab676ebee5
rec_01M3RP2XWNJ7G2002PTHCX7YDF	2026-09-30T08:14:51.797Z	case_01M3RP2XRWNK95ZQBFC9R5SP29	desktop-console	GREY	G_NOCLIP	v1	fusion-v1				8b6a53805d2e3dd15f031f2355061a230f2efc29e0c1bd2ec7aacce95e131ca7
rec_01M3RP2Z57QBVXQEFZEZGRY3FN	2026-09-30T08:14:53.095Z	case_01M3RP2Z0E6YD6FMQKHH9N6W5X	desktop-console	GREY	G_NOCLIP	v1	fusion-v1				a677a539a71768ae42e273e1991b95d0090b6aadb2c485943aa1f94941587b47
rec_01M3RP3A3QY9HFCJKWAWQMBFNY	2026-09-30T08:15:04.311Z	case_01M3RP39ZT02QADKXFX6VF7HHR	desktop-console	GREY	G_NOCLIP	v1	fusion-v1				03fd116d99cdd2b4a446ad5c40c1b9f70630c21bcdf1e11e2baafb970796a0d7
rec_01M3RP3BC3SM46ACE89FN1PXCN	2026-09-30T08:15:05.603Z	case_01M3RP3B7YJRE9JG7F6NA70FH5	desktop-console	AMBER	A_MISSING_LAYER~A_MISSING_LAYER~M_OK	v1	fusion-v1				8a566546452ce01488b770b2a04800b5d5c5f49bc37ca7aec6d6d3d05adb9fc8
rec_01M3RP3CGNCANR33SAKVX46S5P	2026-09-30T08:15:06.773Z	case_01M3RP3CBKB7ZK7DJVYX4JM5R3	desktop-console	GREY	G_NOCLIP	v1	fusion-v1				597963523f4ee599811c36ee994b77dbc7b9c7b855a2771e2595750dc7482568
rec_01M3RP3DMB17KT9RW9J8NDMMEM	2026-09-30T08:15:07.915Z	case_01M3RP3DFZRV43S0VGX93NJDZP	desktop-console	GREY	G_NOCLIP	v1	fusion-v1				13c17190a072c99d157a18fa1099b90d668029ab08e90036f5c9374e6e4b6423
rec_01M3RP3EVR5GP50SZRY8J1GF3P	2026-09-30T08:15:09.176Z	case_01M3RP3EQQF398H7FRA3MA7C6N	desktop-console	AMBER	SYS_UNSUPPORTED_TRACK~M_OK	v1	fusion-v1				ec9290c2ccef57bb476d562c15e0178e85e0cb1293823cf2a3f4711129832d4e
rec_01M3RP3WP7WYCFR1H6DZYGYMG6	2026-09-30T08:15:23.335Z	case_01M3RP3WH1PS9SX5ATQ2TV6KK0	desktop-console	RED	R_MATH_01~R_MATH_01	v1	fusion-v1				773cafdd2280efd4d18ab847ba66fcdb84b463043b4d1b1905499f073ade797c
rec_01M3RP3XX2R2HKVKRX9AATYD57	2026-09-30T08:15:24.578Z	case_01M3RP3XRQ567C939GPJ5GZVKY	desktop-console	AMBER	A_MISSING_LAYER~A_MISSING_LAYER~M_OK	v1	fusion-v1				1e14028b06c1d1aff082f839435baadfdfdd3d51504d9849c1f5203f59148701
rec_01M3RP3Z0VJZV1GPM6J0Z6AWZM	2026-09-30T08:15:25.723Z	case_01M3RP3YWY46EJ5STQ9B9DQ1KP	desktop-console	AMBER	A_MISSING_LAYER~A_MISSING_LAYER~M_OK	v1	fusion-v1				24973b9e43522280724133d289d981d749c3cb088b2a750576246d9f31df5939
rec_01M3RP61QV4S2VHCQDDPWW02VN	2026-09-30T08:16:34.043Z	case_01M3RP61JZF406HB9J7P593WEC	desktop-console	RED	R_MATH_01~R_MATH_01	v1	fusion-v1				bc898c11bb04af88629c597466154288fd5425fe20be18458020da53c00afbb9
rec_01M3RP62ZNHEEDNEJPT53DF18D	2026-09-30T08:16:35.317Z	case_01M3RP62V64TAESY8EYZ5MR9TX	desktop-console	AMBER	A_MISSING_LAYER~A_MISSING_LAYER~M_OK	v1	fusion-v1				a1c82f8832e3f0ac730aff472e5d6b98cde0875245dad46f8b23b0cdc92bd523
rec_01M3RP647FVYFKKQ9WNF6Y6P42	2026-09-30T08:16:36.591Z	case_01M3RP642QDAAXKZTSD3YEM3XZ	desktop-console	GREY	G_NOCLIP	v1	fusion-v1				f2378ceab47e708bb947af3bef24b377ec6498d1d8747b5eb3ddba6e3bfe4e79
rec_01M3RP65HJJZEY6RARZMF87EBA	2026-09-30T08:16:37.938Z	case_01M3RP65CXT0KW09JBRJK4EBBV	desktop-console	AMBER	SYS_UNSUPPORTED_TRACK~M_OK	v1	fusion-v1				16c7f1f51abba7713875e64a0bd06f5ab476958e0b366bf4670690945a0938d1
rec_01M3RP66RETVYP2E66KT1F73K9	2026-09-30T08:16:39.182Z	case_01M3RP66JDF494RVYDANMQX4ER	desktop-console	GREY	G_NOCLIP	v1	fusion-v1				f6f0351175053e0620a909444eaa8b77d18a024063be8cb8f2ef58f82225f8e5
rec_01M3RP6JYA0YMVCRGRKS7ZBHR0	2026-09-30T08:16:51.658Z	case_01M3RP6JQ0PDEVXY2F8AXH7ZKH	desktop-console	RED	R_MATH_01~R_MATH_01~R_PROC_01~R_PROC_02	v1	fusion-v1				5c551ace31cc47904bbc259f427b7871f869898bdec73e5d828601af2848cb27
rec_01M3RP6M3PC49DPTNYPJ546MPW	2026-09-30T08:16:52.854Z	case_01M3RP6KW4P90PMNKCB5327MJZ	desktop-console	RED	R_PROC_01~R_PROC_02~M_OK	v1	fusion-v1				c7438003959eec4aa768e99f711046aeb28f60a4b7448d3f85f850bd213e7195
rec_01M3RP6VMZ2677HXX39FCC3R3Z	2026-09-30T08:17:00.575Z	case_01M3RP6VDXB7MSC8SNVFHCHGEG	desktop-console	RED	R_MATH_01~R_MATH_01~R_PROC_01~R_PROC_02	v1	fusion-v1				9be8df4a07d333b30b7c58c05b4374da7b078dc489fd8fabcca75a7a4f2cd632
rec_01M3RP6WVRYPEBKXMKFB6GDBPG	2026-09-30T08:17:01.817Z	case_01M3RP6WPKJ9Y0SKJS43566F0Y	desktop-console	AMBER	A_MISSING_LAYER~A_MISSING_LAYER~M_OK	v1	fusion-v1				740a1f15c3ace7f7012163474b261c092ab2d380dd0c23c74954f042e1869798
rec_01M3RP6Y7RG2KQ8877NM67RJRB	2026-09-30T08:17:03.224Z	case_01M3RP6Y2GJ4H0V4PA856VXB8F	desktop-console	GREY	G_NOCLIP	v1	fusion-v1				4beff59907b36920f451e5abda11192d2eab3760fbe8ab525b01a5b5aa76fe4d
rec_01M3RP6ZGMPGEQGERWJJTD9SC3	2026-09-30T08:17:04.532Z	case_01M3RP6ZASNHMX633J981KMMSC	desktop-console	AMBER	SYS_UNSUPPORTED_TRACK~M_OK	v1	fusion-v1				8314b8c37cbe3367986641b7c7ab184df11cfca368ea0463e9dc5792314973f5
rec_01M3RP7145Z6JKSX66165S1VYB	2026-09-30T08:17:06.182Z	case_01M3RP70TS7GCM89HE6BRWPCA4	desktop-console	RED	R_PROC_02~M_OK	v1	fusion-v1				1fad6498c9e0c3ae07cf5a463edebfee665b4634d2abe7f8707bab8f0d931da3
rec_01M3RSCVKAA5QJYPXXYACJY6Q7	2026-09-30T09:12:42.858Z	case_01M3RSCVAGC0JD31Y7M7TYVTWY	desktop-console	RED	R_MATH_01~R_MATH_01~R_PROC_01~R_PROC_02	v1	fusion-v1				ef474266aae8255008130d7d321b99ac950e512d61f80bc62424da570f586e58
rec_01M3RSCWXJFAQTFCV2FNZ6G50C	2026-09-30T09:12:44.211Z	case_01M3RSCWRWQAFNCBBAYFXF5WPH	desktop-console	AMBER	A_MISSING_LAYER~A_MISSING_LAYER~M_OK	v1	fusion-v1				fce28d1b7ce36e9797c7344a4a2755d942eff9a397a98489887887959de736b4
rec_01M3RSCY59JN23W0P1D4DN623K	2026-09-30T09:12:45.481Z	case_01M3RSCY0H54ENNY03NNPYYYV5	desktop-console	GREY	G_NOCLIP	v1	fusion-v1				0594bf9ace70035e1b88a6cce8025866ec2569e49e5100286837568417e24b0e
rec_01M3RSCZBTS5KYNF882367AF5R	2026-09-30T09:12:46.714Z	case_01M3RSCZ66T0SDHTJ647EV78JA	desktop-console	AMBER	SYS_UNSUPPORTED_TRACK~M_OK	v1	fusion-v1				18a928a22a370efc54e11b5f7e6dfc25767988b77d52a0aa2c7f8aa4775c57a4
rec_01M3RSD0KX4YX6XNY0GZ5C5K2S	2026-09-30T09:12:47.997Z	case_01M3RSD0CXTVM8FWZ2CFH888QC	desktop-console	RED	R_PROC_02~M_OK	v1	fusion-v1				29a4b0a0433dc4aa540a31fb5d479bf698955f02079df95666f0aaa4b8efcaf1
rec_01M3SN3XDDWHYDS15Q9SZ0RK5H	2026-09-30T17:17:09.933Z	case_01M3SN3WSK0VAJ9VG34TGEE3BF	desktop-console	RED	R_PROC_01~R_PROC_02~M_OK	v1	fusion-v1				0dc366617d1bc6273298761c1957be66d72474ba643b4d99067d19b9526e7fcf
